# 7-1
# brute force

def bf_match(txt: str, pat: str) -> int:
	pt = 0
	pp = 0
	
	while pt != len(txt) and pp != len(pat):
		if txt[pt] == pat[pp]:
			pt += 1
			pp += 1
		else:
			pt = pt - pp + 1
			pp = 0
			
	return pt - pp if pp == len(pat) else -1








>>> txt="abcababcab"
>>> ptn="abc"
>>> ptn in txt
True
>>> ptn not in txt
False
>>> txt.find(ptn, 3, 6)
-1
>>> txt.find(ptn, 4, 8)
5
>>> txt.rfind(ptn, 4, 8)
5
>>> txt.rfind(ptn)
5
>>> txt.rindex(ptn)
5
>>> txt.startswith(ptn)
True
>>> txt.endswith(ptn)
False


> find : 포함되면 가장 작은 인덱스 반환, 없으면 -1 반환
> rfind : 포함되면 가장 큰 인덱스 반환
> index, rindex : find, rfind와 같은 기능을 수행하지만 없으면 ValueError를 내보냄.

> startswith , endswith : Boolean 반환
